2025-04-25T00:03:36.809+05:30  INFO 4076 --- [Book-practice2] [restartedMain] c.example.demo.BookPractice2Application  : Starting BookPractice2Application using Java 17.0.12 with PID 4076 (C:\Users\admin\OneDrive\Desktop\My new WORKSPACE FOR STS\Book-practice2\target\classes started by admin in C:\Users\admin\OneDrive\Desktop\My new WORKSPACE FOR STS\Book-practice2)
2025-04-25T00:03:36.819+05:30  INFO 4076 --- [Book-practice2] [restartedMain] c.example.demo.BookPractice2Application  : No active profile set, falling back to 1 default profile: "default"
2025-04-25T00:03:36.896+05:30  INFO 4076 --- [Book-practice2] [restartedMain] .e.DevToolsPropertyDefaultsPostProcessor : Devtools property defaults active! Set 'spring.devtools.add-properties' to 'false' to disable
2025-04-25T00:03:36.896+05:30  INFO 4076 --- [Book-practice2] [restartedMain] .e.DevToolsPropertyDefaultsPostProcessor : For additional web related logging consider setting the 'logging.level.web' property to 'DEBUG'
2025-04-25T00:03:38.090+05:30  INFO 4076 --- [Book-practice2] [restartedMain] .s.d.r.c.RepositoryConfigurationDelegate : Bootstrapping Spring Data JPA repositories in DEFAULT mode.
2025-04-25T00:03:38.157+05:30  INFO 4076 --- [Book-practice2] [restartedMain] .s.d.r.c.RepositoryConfigurationDelegate : Finished Spring Data repository scanning in 56 ms. Found 1 JPA repository interface.
2025-04-25T00:03:38.518+05:30  WARN 4076 --- [Book-practice2] [restartedMain] trationDelegate$BeanPostProcessorChecker : Bean 'org.springframework.ws.config.annotation.DelegatingWsConfiguration' of type [org.springframework.ws.config.annotation.DelegatingWsConfiguration$$SpringCGLIB$$0] is not eligible for getting processed by all BeanPostProcessors (for example: not eligible for auto-proxying). The currently created BeanPostProcessor [annotationActionEndpointMapping] is declared through a non-static factory method on that class; consider declaring it as static instead.
2025-04-25T00:03:38.575+05:30  INFO 4076 --- [Book-practice2] [restartedMain] .w.s.a.s.AnnotationActionEndpointMapping : Supporting [WS-Addressing August 2004, WS-Addressing 1.0]
2025-04-25T00:03:38.921+05:30  INFO 4076 --- [Book-practice2] [restartedMain] o.s.b.w.embedded.tomcat.TomcatWebServer  : Tomcat initialized with port 8080 (http)
2025-04-25T00:03:38.938+05:30  INFO 4076 --- [Book-practice2] [restartedMain] o.apache.catalina.core.StandardService   : Starting service [Tomcat]
2025-04-25T00:03:38.939+05:30  INFO 4076 --- [Book-practice2] [restartedMain] o.apache.catalina.core.StandardEngine    : Starting Servlet engine: [Apache Tomcat/10.1.36]
2025-04-25T00:03:39.002+05:30  INFO 4076 --- [Book-practice2] [restartedMain] o.a.c.c.C.[Tomcat].[localhost].[/]       : Initializing Spring embedded WebApplicationContext
2025-04-25T00:03:39.003+05:30  INFO 4076 --- [Book-practice2] [restartedMain] w.s.c.ServletWebServerApplicationContext : Root WebApplicationContext: initialization completed in 2107 ms
2025-04-25T00:03:39.180+05:30  INFO 4076 --- [Book-practice2] [restartedMain] o.hibernate.jpa.internal.util.LogHelper  : HHH000204: Processing PersistenceUnitInfo [name: default]
2025-04-25T00:03:39.267+05:30  INFO 4076 --- [Book-practice2] [restartedMain] org.hibernate.Version                    : HHH000412: Hibernate ORM core version 6.6.8.Final
2025-04-25T00:03:39.312+05:30  INFO 4076 --- [Book-practice2] [restartedMain] o.h.c.internal.RegionFactoryInitiator    : HHH000026: Second-level cache disabled
2025-04-25T00:03:39.646+05:30  INFO 4076 --- [Book-practice2] [restartedMain] o.s.o.j.p.SpringPersistenceUnitInfo      : No LoadTimeWeaver setup: ignoring JPA class transformer
2025-04-25T00:03:39.696+05:30  INFO 4076 --- [Book-practice2] [restartedMain] com.zaxxer.hikari.HikariDataSource       : HikariPool-1 - Starting...
2025-04-25T00:03:40.650+05:30  INFO 4076 --- [Book-practice2] [restartedMain] com.zaxxer.hikari.pool.HikariPool        : HikariPool-1 - Added connection com.mysql.cj.jdbc.ConnectionImpl@55b53d8f
2025-04-25T00:03:40.656+05:30  INFO 4076 --- [Book-practice2] [restartedMain] com.zaxxer.hikari.HikariDataSource       : HikariPool-1 - Start completed.
2025-04-25T00:03:40.921+05:30  WARN 4076 --- [Book-practice2] [restartedMain] org.hibernate.orm.deprecation            : HHH90000025: MySQLDialect does not need to be specified explicitly using 'hibernate.dialect' (remove the property setting and it will be selected by default)
2025-04-25T00:03:40.944+05:30  INFO 4076 --- [Book-practice2] [restartedMain] org.hibernate.orm.connections.pooling    : HHH10001005: Database info:
	Database JDBC URL [Connecting through datasource 'HikariDataSource (HikariPool-1)']
	Database driver: undefined/unknown
	Database version: 8.0.39
	Autocommit mode: undefined/unknown
	Isolation level: undefined/unknown
	Minimum pool size: undefined/unknown
	Maximum pool size: undefined/unknown
2025-04-25T00:03:41.799+05:30  INFO 4076 --- [Book-practice2] [restartedMain] o.h.m.i.EntityInstantiatorPojoStandard   : HHH000182: No default (no-argument) constructor for class: com.example.demo.entities.User (class must be instantiated by Interceptor)
2025-04-25T00:03:41.980+05:30  INFO 4076 --- [Book-practice2] [restartedMain] o.h.e.t.j.p.i.JtaPlatformInitiator       : HHH000489: No JTA platform available (set 'hibernate.transaction.jta.platform' to enable JTA platform integration)
2025-04-25T00:03:42.665+05:30  INFO 4076 --- [Book-practice2] [restartedMain] j.LocalContainerEntityManagerFactoryBean : Initialized JPA EntityManagerFactory for persistence unit 'default'
2025-04-25T00:03:43.126+05:30  WARN 4076 --- [Book-practice2] [restartedMain] JpaBaseConfiguration$JpaWebConfiguration : spring.jpa.open-in-view is enabled by default. Therefore, database queries may be performed during view rendering. Explicitly configure spring.jpa.open-in-view to disable this warning
2025-04-25T00:03:43.149+05:30  WARN 4076 --- [Book-practice2] [restartedMain] .s.s.UserDetailsServiceAutoConfiguration : 

Using generated security password: 14a9ba06-7b85-4703-9e06-294c7cff9fe2

This generated password is for development use only. Your security configuration must be updated before running your application in production.

2025-04-25T00:03:43.169+05:30  INFO 4076 --- [Book-practice2] [restartedMain] r$InitializeUserDetailsManagerConfigurer : Global AuthenticationManager configured with UserDetailsService bean with name inMemoryUserDetailsManager
2025-04-25T00:03:43.475+05:30 DEBUG 4076 --- [Book-practice2] [restartedMain] o.s.s.web.DefaultSecurityFilterChain     : Will secure any request with filters: DisableEncodeUrlFilter, WebAsyncManagerIntegrationFilter, SecurityContextHolderFilter, HeaderWriterFilter, LogoutFilter, RequestCacheAwareFilter, SecurityContextHolderAwareRequestFilter, AnonymousAuthenticationFilter, ExceptionTranslationFilter, AuthorizationFilter
2025-04-25T00:03:43.818+05:30  INFO 4076 --- [Book-practice2] [restartedMain] o.s.b.d.a.OptionalLiveReloadServer       : LiveReload server is running on port 35729
2025-04-25T00:03:43.867+05:30  INFO 4076 --- [Book-practice2] [restartedMain] o.s.b.w.embedded.tomcat.TomcatWebServer  : Tomcat started on port 8080 (http) with context path '/'
2025-04-25T00:03:43.880+05:30  INFO 4076 --- [Book-practice2] [restartedMain] c.example.demo.BookPractice2Application  : Started BookPractice2Application in 7.599 seconds (process running for 8.344)
2025-04-25T00:07:37.793+05:30  INFO 4076 --- [Book-practice2] [http-nio-8080-exec-1] o.a.c.c.C.[Tomcat].[localhost].[/]       : Initializing Spring DispatcherServlet 'dispatcherServlet'
2025-04-25T00:07:37.793+05:30  INFO 4076 --- [Book-practice2] [http-nio-8080-exec-1] o.s.web.servlet.DispatcherServlet        : Initializing Servlet 'dispatcherServlet'
2025-04-25T00:07:37.797+05:30  INFO 4076 --- [Book-practice2] [http-nio-8080-exec-1] o.s.web.servlet.DispatcherServlet        : Completed initialization in 3 ms
2025-04-25T00:07:37.821+05:30 DEBUG 4076 --- [Book-practice2] [http-nio-8080-exec-1] o.s.security.web.FilterChainProxy        : Securing GET /api/books
2025-04-25T00:07:37.831+05:30 DEBUG 4076 --- [Book-practice2] [http-nio-8080-exec-1] o.s.security.web.FilterChainProxy        : Secured GET /api/books
2025-04-25T00:07:38.592+05:30 DEBUG 4076 --- [Book-practice2] [http-nio-8080-exec-1] o.s.s.w.a.AnonymousAuthenticationFilter  : Set SecurityContextHolder to anonymous SecurityContext
2025-04-25T00:07:38.595+05:30 DEBUG 4076 --- [Book-practice2] [http-nio-8080-exec-4] o.s.security.web.FilterChainProxy        : Securing GET /api/books
2025-04-25T00:07:38.596+05:30 DEBUG 4076 --- [Book-practice2] [http-nio-8080-exec-4] o.s.security.web.FilterChainProxy        : Secured GET /api/books
2025-04-25T00:07:38.610+05:30 DEBUG 4076 --- [Book-practice2] [http-nio-8080-exec-4] o.s.s.w.a.AnonymousAuthenticationFilter  : Set SecurityContextHolder to anonymous SecurityContext
2025-04-25T00:07:52.988+05:30  INFO 4076 --- [Book-practice2] [RMI TCP Connection(2)-127.0.0.1] inMXBeanRegistrar$SpringApplicationAdmin : Application shutdown requested.
2025-04-25T00:07:52.991+05:30  INFO 4076 --- [Book-practice2] [RMI TCP Connection(2)-127.0.0.1] o.s.b.w.e.tomcat.GracefulShutdown        : Commencing graceful shutdown. Waiting for active requests to complete
2025-04-25T00:07:53.270+05:30  INFO 4076 --- [Book-practice2] [tomcat-shutdown] o.s.b.w.e.tomcat.GracefulShutdown        : Graceful shutdown complete
2025-04-25T00:07:53.275+05:30  INFO 4076 --- [Book-practice2] [RMI TCP Connection(2)-127.0.0.1] j.LocalContainerEntityManagerFactoryBean : Closing JPA EntityManagerFactory for persistence unit 'default'
2025-04-25T00:07:53.282+05:30  INFO 4076 --- [Book-practice2] [RMI TCP Connection(2)-127.0.0.1] com.zaxxer.hikari.HikariDataSource       : HikariPool-1 - Shutdown initiated...
2025-04-25T00:07:53.320+05:30  INFO 4076 --- [Book-practice2] [RMI TCP Connection(2)-127.0.0.1] com.zaxxer.hikari.HikariDataSource       : HikariPool-1 - Shutdown completed.
